// Jest Snapshot v1, https://goo.gl/fbAQLP

exports[`the A11yNotice can be changed to a different element 1`] = `
<h2
  className="A11yNotice-sc-1feyioo-0-h2 jsdine"
>
  H2A11yNoticeValue
</h2>
`;

exports[`the A11yNotice matches the snapshot 1`] = `
<span
  className="A11yNotice-sc-1feyioo-0 gHCoqL"
>
  A11yNoticeValue
</span>
`;
