// Jest Snapshot v1, https://goo.gl/fbAQLP

exports[`the Icon matches the snapshot 1`] = `
<svg
  className="sc-bdVaJa jEZkCV"
  color="black"
  icon={[Function]}
  size={16}
/>
`;
