// Jest Snapshot v1, https://goo.gl/fbAQLP

exports[`TwitterDescription matches the snapshot for the summary card 1`] = `
<p
  className="TwitterDescription-sc-1kv12fr-0 csiySJ"
/>
`;

exports[`TwitterDescription matches the snapshot for the summary with large image card 1`] = `
<p
  className="TwitterDescription-sc-1kv12fr-0 csiySJ"
/>
`;
