// Jest Snapshot v1, https://goo.gl/fbAQLP

exports[`TwitterTitle matches the snapshot by default 1`] = `
.c0 {
  font-weight: bold;
  font-size: 14px;
  max-height: 18.2px;
  line-height: 18.2px;
  white-space: nowrap;
  overflow: hidden;
  text-overflow: ellipsis;
  margin-bottom: 2.1px;
}

<p
  className="c0"
>
  My Twitter Title
</p>
`;
