// Jest Snapshot v1, https://goo.gl/fbAQLP

exports[`KeywordInput matches the snapshot by default 1`] = `
.c5 {
  border: 1px solid #ddd;
  padding: 0.75em;
  font-size: 1em;
}

.c7::-moz-focus-inner {
  border-width: 0;
}

.c7:focus {
  outline: none;
  border-color: #0066cd;
  color: #000;
  background-color: #fff;
  box-shadow: 0 0 3px rgba( 8,74,103,0.8 );
}

.c0 {
  display: -webkit-box;
  display: -webkit-flex;
  display: -ms-flexbox;
  display: flex;
  -webkit-flex-direction: column;
  -ms-flex-direction: column;
  flex-direction: column;
  margin: 1em 0;
}

.c1 {
  font-size: 1em;
  font-weight: bold;
  margin-bottom: 0.5em;
}

.c4 {
  -webkit-flex: 1 !important;
  -ms-flex: 1 !important;
  flex: 1 !important;
  box-sizing: border-box;
  max-width: 100%;
  margin: 0;
}

.c4.has-error {
  border-color: #dc3232 !important;
  box-shadow: 0 0 2px #dc3232 !important;
}

.c8 {
  border: 1px solid transparent;
  box-shadow: none;
  background: none;
  -webkit-flex: 0 0 32px;
  -ms-flex: 0 0 32px;
  flex: 0 0 32px;
  height: 32px;
  max-width: 32px;
  padding: 0;
  cursor: pointer;
}

.c9 {
  margin-top: 4px;
}

.c2 {
  display: -webkit-box;
  display: -webkit-flex;
  display: -ms-flexbox;
  display: flex;
  -webkit-flex-direction: row;
  -ms-flex-direction: row;
  flex-direction: row;
  -webkit-align-items: center;
  -webkit-box-align: center;
  -ms-flex-align: center;
  align-items: center;
}

.c2.has-remove-keyword-button .c3 {
  padding-right: 40px;
}

.c2.has-remove-keyword-button .c6 {
  margin-left: -32px;
}

.c10 {
  width: 18px;
  height: 18px;
  -webkit-flex: none;
  -ms-flex: none;
  flex: none;
}

<div
  className="c0"
>
  <label
    className="c1"
    htmlFor="test-id"
  >
    Focus keyword:
  </label>
  <div
    className="has-remove-keyword-button c2"
  >
    <input
      aria-label={null}
      className="c3 c4 c5"
      id="test-id"
      onChange={[Function]}
      type="text"
      value=""
    />
    <button
      className="c6 c7 c8"
      onClick={[Function]}
      type="button"
    >
      <svg
        aria-hidden={true}
        className="yoast-svg-icon yoast-svg-icon-times-circle c9 c10"
        fill="#767676"
        focusable="false"
        role="img"
        size="18px"
        viewBox="0 0 20 20"
        xmlns="http://www.w3.org/2000/svg"
      >
        <path
          d="M10 2c4.42 0 8 3.58 8 8s-3.58 8-8 8-8-3.58-8-8 3.58-8 8-8zm5 11l-3-3 3-3-2-2-3 3-3-3-2 2 3 3-3 3 2 2 3-3 3 3z"
        />
      </svg>
    </button>
  </div>
</div>
`;
