// Jest Snapshot v1, https://goo.gl/fbAQLP

exports[`the YoastLinkButton matches the snapshot 1`] = `
<a
  className="sc-bxivhb kzimrn sc-htpNat czwPQj"
>
  YoastLinkButtonValue
</a>
`;
